package noFunctions

public class NoFunctionsTest
