package yamlTest

import kotlin.Unit
import org.junit.jupiter.api.Test

public class YamlTestTest {
  @Test
  public fun foo(): Unit {
  }

  @Test
  public fun foobar(): Unit {
  }
}
